
> webtmdt@0.1.0 build
> next build

Γû▓ Next.js 16.2.1 (Turbopack)
- Environments: .env.local

node.exe : ΓÜá The "middleware" file convention is deprecated. Please use 
"proxy" instead. Learn more: 
https://nextjs.org/docs/messages/middleware-to-proxy
At line:1 char:1
+ & "C:\Program Files\nodejs/node.exe" "C:\Program Files\nodejs/node_mo ...
+ ~~~~~~~~~~~~~~~~~~~~~~~~~~~~~~~~~~~~~~~~~~~~~~~~~~~~~~~~~~~~~~~~~~~~~
    + CategoryInfo          : NotSpecified: (ΓÜá The "middle...leware-to-proxy 
   :String) [], RemoteException
    + FullyQualifiedErrorId : NativeCommandError
 
  Running TypeScript ...
Failed to type check.

./src/features/admin/components/AboutEditor.tsx:960:5
Type error: ')' expected.

  [90m958 |[0m           </[33mForm[0m.[33mList[0m>
  [90m959 |[0m         </div>
[31m[1m>[0m [90m960 |[0m     {
  [90m    |[0m     [31m[1m^[0m
  [90m961 |[0m       key: [32m'team'[0m,
  [90m962 |[0m       label: panelHeader(<[33mTeamOutlined[0m />, 
[32m'Executive Team'[0m, [32m'Leader and team member prof...[0m
  [90m963 |[0m       className: [32m'mb-3 rounded-xl overflow-hidden border 
border-gray-100 shadow-sm'[0m,
Next.js build worker exited with code: 1 and signal: null
